<area shape="rect" href="$formmovimiento_8cpp.html" title="Programas/gestotux/plugins/aCarCorr/formmovimiento.cpp" alt="" coords="5,80,381,107">
<area shape="rect" href="$eresumen_8cpp.html" title="Programas/gestotux/plugins/digifauno/eresumen.cpp" alt="" coords="405,80,744,107">
<area shape="rect" href="$formagregarcompra_8cpp.html" title="Programas/gestotux/plugins/digifauno/formagregarcompra.cpp" alt="" coords="768,80,1168,107">
<area shape="rect" href="$formagregargasto_8cpp.html" title="Programas/gestotux/plugins/digifauno/formagregargasto.cpp" alt="" coords="1192,80,1579,107">
<area shape="rect" href="$formagregarmasctoa_8cpp.html" title="Programas/gestotux/plugins/digifauno/formagregarmasctoa.cpp" alt="" coords="1603,80,2008,107">
<area shape="rect" href="$formlistapeluqueria_8cpp.html" title="Programas/gestotux/plugins/digifauno/formlistapeluqueria.cpp" alt="" coords="2032,80,2424,107">
<area shape="rect" href="$eactcerrar_8cpp.html" title="Programas/gestotux/utiles/eactcerrar.cpp" alt="" coords="2448,80,2717,107">
<area shape="rect" href="$evisorinformes_8cpp.html" title="Programas/gestotux/utiles/evisorinformes.cpp" alt="" coords="2741,80,3037,107">
