<area shape="rect" href="$formprefcaravanas_8h.html" title="Programas/gestotux/plugins/aCarCorr/formprefcaravanas.h" alt="" coords="247,80,623,107">
<area shape="rect" href="$plugins_2aCarCorr_2evlista_8h.html" title="Programas/gestotux/plugins/aCarCorr/evlista.h" alt="" coords="1019,80,1323,107">
<area shape="rect" href="$formmovimiento_8h.html" title="Programas/gestotux/plugins/aCarCorr/formmovimiento.h" alt="" coords="2627,80,2987,107">
<area shape="rect" href="$formagregarventa_8h.html" title="Programas/gestotux/plugins/digifauno/formagregarventa.h" alt="" coords="6583,80,6953,107">
<area shape="rect" href="$formagregarmasctoa_8h.html" title="Programas/gestotux/plugins/digifauno/formagregarmasctoa.h" alt="" coords="3820,80,4209,107">
<area shape="rect" href="$formagregarservicio_8h.html" title="Programas/gestotux/plugins/digifauno/formagregarservicio.h" alt="" coords="4233,80,4617,107">
<area shape="rect" href="$eresumen_8h.html" title="Programas/gestotux/plugins/digifauno/eresumen.h" alt="" coords="4641,80,4964,107">
<area shape="rect" href="$formagregargasto_8h.html" title="Programas/gestotux/plugins/digifauno/formagregargasto.h" alt="" coords="4988,80,5359,107">
<area shape="rect" href="$formlistapeluqueria_8h.html" title="Programas/gestotux/plugins/digifauno/formlistapeluqueria.h" alt="" coords="5383,80,5759,107">
<area shape="rect" href="$formagregarcompra_8h.html" title="Programas/gestotux/plugins/digifauno/formagregarcompra.h" alt="" coords="5783,80,6167,107">
<area shape="rect" href="$formprefopciones_8h.html" title="Programas/gestotux/plugins/digifauno/formprefopciones.h" alt="" coords="6191,80,6559,107">
<area shape="rect" href="$formlistacompras_8h.html" title="Programas/gestotux/plugins/digifauno/formlistacompras.h" alt="" coords="6977,80,7343,107">
<area shape="rect" href="$formagregarrecibo_8h.html" title="Programas/gestotux/plugins/HiComp/formagregarrecibo.h" alt="" coords="7367,80,7735,107">
<area shape="rect" href="$fprefrecibos_8h.html" title="Programas/gestotux/plugins/HiComp/fprefrecibos.h" alt="" coords="7759,80,8087,107">
<area shape="rect" href="$vrecibos_8h.html" title="Programas/gestotux/plugins/HiComp/vrecibos.h" alt="" coords="8111,80,8420,107">
<area shape="rect" href="$formmodificarpresupuesto_8h.html" title="Programas/gestotux/plugins/presupuestador/formmodificarpresupuesto.h" alt="" coords="8444,80,8903,107">
<area shape="rect" href="$formnuevopresupuesto_8h.html" title="Programas/gestotux/plugins/presupuestador/formnuevopresupuesto.h" alt="" coords="8927,80,9367,107">
<area shape="rect" href="$formpresupuestosanteriores_8h.html" title="Programas/gestotux/plugins/presupuestador/formpresupuestosanteriores.h" alt="" coords="9391,80,9863,107">
<area shape="rect" href="$formagregarpresupuesto_8h.html" title="Programas/gestotux/plugins/presupuesto/formagregarpresupuesto.h" alt="" coords="9887,80,10319,107">
<area shape="rect" href="$formlistaproductos_8h.html" title="Programas/gestotux/plugins/presupuesto/formlistaproductos.h" alt="" coords="10343,80,10735,107">
<area shape="rect" href="$ebackup_8h.html" title="Programas/gestotux/src/ebackup.h" alt="" coords="10759,80,10991,107">
<area shape="rect" href="$formacercade_8h.html" title="Programas/gestotux/src/formacercade.h" alt="" coords="11015,80,11279,107">
<area shape="rect" href="$formactualizacion_8h.html" title="Programas/gestotux/src/formactualizacion.h" alt="" coords="11303,80,11588,107">
<area shape="rect" href="$formprefdb_8h.html" title="Programas/gestotux/src/formprefdb.h" alt="" coords="11612,80,11855,107">
<area shape="rect" href="$formpreferencias_8h.html" title="Programas/gestotux/src/formpreferencias.h" alt="" coords="11879,80,12159,107">
<area shape="rect" href="$fprefgeneral_8h.html" title="Programas/gestotux/src/fprefgeneral.h" alt="" coords="12183,80,12433,107">
<area shape="rect" href="$eventana_8cpp.html" title="Programas/gestotux/utiles/eventana.cpp" alt="" coords="12457,80,12721,107">
<area shape="rect" href="$utiles_2evlista_8h.html" title="Programas/gestotux/utiles/evlista.h" alt="" coords="12745,80,12977,107">
<area shape="rect" href="$admincarcorr_8cpp.html" title="Programas/gestotux/plugins/aCarCorr/admincarcorr.cpp" alt="" coords="1737,229,2097,256">
<area shape="rect" href="$formprefcaravanas_8cpp.html" title="Programas/gestotux/plugins/aCarCorr/formprefcaravanas.cpp" alt="" coords="5,155,397,181">
<area shape="rect" href="$aCarCorr_2vcategorias_8h.html" title="Programas/gestotux/plugins/aCarCorr/vcategorias.h" alt="" coords="816,155,1152,181">
<area shape="rect" href="$vestablecimiento_8h.html" title="Programas/gestotux/plugins/aCarCorr/vestablecimiento.h" alt="" coords="1176,155,1541,181">
<area shape="rect" href="$plugins_2aCarCorr_2evlista_8cpp.html" title="Programas/gestotux/plugins/aCarCorr/evlista.cpp" alt="" coords="472,155,792,181">
<area shape="rect" href="$formagregar_8h.html" title="Programas/gestotux/plugins/aCarCorr/formagregar.h" alt="" coords="3408,155,3747,181">
<area shape="rect" href="$formmudanza_8h.html" title="Programas/gestotux/plugins/aCarCorr/formmudanza.h" alt="" coords="1565,155,1912,181">
<area shape="rect" href="$formventa_8h.html" title="Programas/gestotux/plugins/aCarCorr/formventa.h" alt="" coords="1936,155,2259,181">
<area shape="rect" href="$formstock_8h.html" title="Programas/gestotux/plugins/aCarCorr/formstock.h" alt="" coords="2283,155,2605,181">
<area shape="rect" href="$formmodificartri_8h.html" title="Programas/gestotux/plugins/aCarCorr/formmodificartri.h" alt="" coords="2629,155,2984,181">
<area shape="rect" href="$formmovimiento_8cpp.html" title="Programas/gestotux/plugins/aCarCorr/formmovimiento.cpp" alt="" coords="3008,155,3384,181">
<area shape="rect" href="$digifauno_8cpp.html" title="Programas/gestotux/plugins/digifauno/digifauno.cpp" alt="" coords="5397,155,5731,181">
<area shape="rect" href="$formagregarventa_8cpp.html" title="Programas/gestotux/plugins/digifauno/formagregarventa.cpp" alt="" coords="7003,155,7389,181">
<area shape="rect" href="$formagregarmasctoa_8cpp.html" title="Programas/gestotux/plugins/digifauno/formagregarmasctoa.cpp" alt="" coords="3771,155,4176,181">
<area shape="rect" href="$formagregarservicio_8cpp.html" title="Programas/gestotux/plugins/digifauno/formagregarservicio.cpp" alt="" coords="4200,155,4600,181">
<area shape="rect" href="$eresumen_8cpp.html" title="Programas/gestotux/plugins/digifauno/eresumen.cpp" alt="" coords="4624,155,4963,181">
<area shape="rect" href="$formagregargasto_8cpp.html" title="Programas/gestotux/plugins/digifauno/formagregargasto.cpp" alt="" coords="4987,155,5373,181">
<area shape="rect" href="$formlistapeluqueria_8cpp.html" title="Programas/gestotux/plugins/digifauno/formlistapeluqueria.cpp" alt="" coords="5755,155,6147,181">
<area shape="rect" href="$formagregarcompra_8cpp.html" title="Programas/gestotux/plugins/digifauno/formagregarcompra.cpp" alt="" coords="6171,155,6571,181">
<area shape="rect" href="$formprefopciones_8cpp.html" title="Programas/gestotux/plugins/digifauno/formprefopciones.cpp" alt="" coords="6595,155,6979,181">
<area shape="rect" href="$formlistacompras_8cpp.html" title="Programas/gestotux/plugins/digifauno/formlistacompras.cpp" alt="" coords="7413,155,7795,181">
