<area shape="rect" href="$formprefcaravanas_8h.html" title="Programas/gestotux/plugins/aCarCorr/formprefcaravanas.h" alt="" coords="397,80,773,107">
<area shape="rect" href="$formprefopciones_8h.html" title="Programas/gestotux/plugins/digifauno/formprefopciones.h" alt="" coords="1171,80,1539,107">
<area shape="rect" href="$fromprefresumenes_8h.html" title="Programas/gestotux/plugins/digifauno/fromprefresumenes.h" alt="" coords="1587,80,1965,107">
<area shape="rect" href="$fprefrecibos_8h.html" title="Programas/gestotux/plugins/HiComp/fprefrecibos.h" alt="" coords="2165,80,2493,107">
<area shape="rect" href="$formprefdb_8h.html" title="Programas/gestotux/src/formprefdb.h" alt="" coords="2696,80,2939,107">
<area shape="rect" href="$formpreferencias_8cpp.html" title="Programas/gestotux/src/formpreferencias.cpp" alt="" coords="2981,155,3277,181">
<area shape="rect" href="$fprefgeneral_8h.html" title="Programas/gestotux/src/fprefgeneral.h" alt="" coords="3013,80,3264,107">
<area shape="rect" href="$admincarcorr_8cpp.html" title="Programas/gestotux/plugins/aCarCorr/admincarcorr.cpp" alt="" coords="5,155,365,181">
<area shape="rect" href="$formprefcaravanas_8cpp.html" title="Programas/gestotux/plugins/aCarCorr/formprefcaravanas.cpp" alt="" coords="389,155,781,181">
<area shape="rect" href="$digifauno_8cpp.html" title="Programas/gestotux/plugins/digifauno/digifauno.cpp" alt="" coords="805,155,1139,181">
<area shape="rect" href="$formprefopciones_8cpp.html" title="Programas/gestotux/plugins/digifauno/formprefopciones.cpp" alt="" coords="1163,155,1547,181">
<area shape="rect" href="$fromprefresumenes_8cpp.html" title="Programas/gestotux/plugins/digifauno/fromprefresumenes.cpp" alt="" coords="1571,155,1965,181">
<area shape="rect" href="$fprefrecibos_8cpp.html" title="Programas/gestotux/plugins/HiComp/fprefrecibos.cpp" alt="" coords="1989,155,2333,181">
<area shape="rect" href="$hicomp_8cpp.html" title="Programas/gestotux/plugins/HiComp/hicomp.cpp" alt="" coords="2357,155,2675,181">
<area shape="rect" href="$formprefdb_8cpp.html" title="Programas/gestotux/src/formprefdb.cpp" alt="" coords="2699,155,2957,181">
<area shape="rect" href="$fprefgeneral_8cpp.html" title="Programas/gestotux/src/fprefgeneral.cpp" alt="" coords="3301,155,3568,181">
