<area shape="rect" href="$digifauno_2vduenos_8h.html" title="Programas/gestotux/plugins/digifauno/vduenos.h" alt="" coords="2549,80,2864,107">
<area shape="rect" href="$digifauno_2vcategorias_8h.html" title="Programas/gestotux/plugins/digifauno/vcategorias.h" alt="" coords="451,80,784,107">
<area shape="rect" href="$vproveedor_8h.html" title="Programas/gestotux/plugins/digifauno/vproveedor.h" alt="" coords="808,80,1141,107">
<area shape="rect" href="$digifauno_2vproductos_8h.html" title="Programas/gestotux/plugins/digifauno/vproductos.h" alt="" coords="1165,80,1496,107">
<area shape="rect" href="$vmascota_8h.html" title="Programas/gestotux/plugins/digifauno/vmascota.h" alt="" coords="1520,80,1843,107">
<area shape="rect" href="$vgastos_8h.html" title="Programas/gestotux/plugins/digifauno/vgastos.h" alt="" coords="1867,80,2179,107">
<area shape="rect" href="$vcompras_8h.html" title="Programas/gestotux/plugins/digifauno/vcompras.h" alt="" coords="2203,80,2525,107">
<area shape="rect" href="$vpresupuesto_8h.html" title="Programas/gestotux/plugins/presupuesto/vpresupuesto.h" alt="" coords="2920,80,3285,107">
<area shape="rect" href="$productos_2vproductos_8h.html" title="Programas/gestotux/plugins/productos/vproductos.h" alt="" coords="3713,80,4049,107">
<area shape="rect" href="$productos_2vcategorias_8h.html" title="Programas/gestotux/plugins/productos/vcategorias.h" alt="" coords="4084,80,4423,107">
<area shape="rect" href="$vcliente_8h.html" title="Programas/gestotux/src/vcliente.h" alt="" coords="4643,80,4867,107">
<area shape="rect" href="$utiles_2evlista_8cpp.html" title="Programas/gestotux/utiles/evlista.cpp" alt="" coords="4891,80,5139,107">
<area shape="rect" href="$digifauno_8cpp.html" title="Programas/gestotux/plugins/digifauno/digifauno.cpp" alt="" coords="1485,155,1819,181">
<area shape="rect" href="$digifauno_2vduenos_8cpp.html" title="Programas/gestotux/plugins/digifauno/vduenos.cpp" alt="" coords="2557,155,2888,181">
<area shape="rect" href="$digifauno_2vcategorias_8cpp.html" title="Programas/gestotux/plugins/digifauno/vcategorias.cpp" alt="" coords="5,155,355,181">
<area shape="rect" href="$vproveedor_8cpp.html" title="Programas/gestotux/plugins/digifauno/vproveedor.cpp" alt="" coords="379,155,728,181">
<area shape="rect" href="$digifauno_2vproductos_8cpp.html" title="Programas/gestotux/plugins/digifauno/vproductos.cpp" alt="" coords="752,155,1099,181">
<area shape="rect" href="$vmascota_8cpp.html" title="Programas/gestotux/plugins/digifauno/vmascota.cpp" alt="" coords="1123,155,1461,181">
<area shape="rect" href="$vgastos_8cpp.html" title="Programas/gestotux/plugins/digifauno/vgastos.cpp" alt="" coords="1843,155,2171,181">
<area shape="rect" href="$vcompras_8cpp.html" title="Programas/gestotux/plugins/digifauno/vcompras.cpp" alt="" coords="2195,155,2533,181">
<area shape="rect" href="$prespuesto_8cpp.html" title="Programas/gestotux/plugins/presupuesto/prespuesto.cpp" alt="" coords="3317,155,3685,181">
<area shape="rect" href="$vpresupuesto_8cpp.html" title="Programas/gestotux/plugins/presupuesto/vpresupuesto.cpp" alt="" coords="2912,155,3293,181">
<area shape="rect" href="$productos_8cpp.html" title="Programas/gestotux/plugins/productos/productos.cpp" alt="" coords="3709,155,4053,181">
<area shape="rect" href="$productos_2vproductos_8cpp.html" title="Programas/gestotux/plugins/productos/vproductos.cpp" alt="" coords="4077,155,4429,181">
<area shape="rect" href="$productos_2vcategorias_8cpp.html" title="Programas/gestotux/plugins/productos/vcategorias.cpp" alt="" coords="4453,155,4808,181">
<area shape="rect" href="$gestotux_8cpp.html" title="Programas/gestotux/src/gestotux.cpp" alt="" coords="5096,155,5341,181">
<area shape="rect" href="$vcliente_8cpp.html" title="Programas/gestotux/src/vcliente.cpp" alt="" coords="4832,155,5072,181">
