<area shape="rect" href="$vrecibos_8h.html" title="vrecibos.h" alt="" coords="15,80,97,107">
<area shape="rect" href="$mrecibo_8h.html" title="mrecibo.h" alt="" coords="761,80,841,107">
<area shape="rect" href="$hicomp_8h.html" title="hicomp.h" alt="" coords="1317,80,1392,107">
<area shape="rect" href="$formmodificarrecibo_8h.html" title="formmodificarrecibo.h" alt="" coords="293,80,443,107">
<area shape="rect" href="$formagregarrecibo_8h.html" title="formagregarrecibo.h" alt="" coords="125,80,269,107">
<area shape="rect" href="$drecibo_8h.html" title="drecibo.h" alt="" coords="1777,80,1855,107">
<area shape="rect" href="$visorrecibo_8h.html" title="visorrecibo.h" alt="" coords="949,80,1048,107">
<area shape="rect" href="$filtroclientes_8h.html" title="filtroclientes.h" alt="" coords="475,80,576,107">
<area shape="rect" href="$eventana_8h.html" title="eventana.h" alt="" coords="7,155,95,181">
<area shape="rect" href="$einfoprogramainterface_8h.html" title="../../src/einfoprogramainterface.h" alt="" coords="1249,155,1460,181">
<area shape="rect" href="$eplugin_8h.html" title="../../src/eplugin.h" alt="" coords="1535,155,1652,181">
<area shape="rect" href="$recibo_8h.html" title="recibo.h" alt="" coords="961,155,1031,181">
