<area shape="rect" href="$admincarcorr_8h.html" title="admincarcorr.h" alt="" coords="812,80,921,107">
<area shape="rect" href="$formprefcaravanas_8h.html" title="formprefcaravanas.h" alt="" coords="2071,80,2215,107">
<area shape="rect" href="$aCarCorr_2vcategorias_8h.html" title="vcategorias.h" alt="" coords="1148,80,1249,107">
<area shape="rect" href="$vestablecimiento_8h.html" title="vestablecimiento.h" alt="" coords="1420,80,1553,107">
<area shape="rect" href="$formagregar_8h.html" title="formagregar.h" alt="" coords="1804,80,1908,107">
<area shape="rect" href="$formmudanza_8h.html" title="formmudanza.h" alt="" coords="1932,80,2047,107">
<area shape="rect" href="$formventa_8h.html" title="formventa.h" alt="" coords="1689,80,1780,107">
<area shape="rect" href="$formstock_8h.html" title="formstock.h" alt="" coords="1577,80,1665,107">
<area shape="rect" href="$formmodificartri_8h.html" title="formmodificartri.h" alt="" coords="1273,80,1396,107">
<area shape="rect" href="$eplugin_8h.html" title="../../src/eplugin.h" alt="" coords="401,155,519,181">
<area shape="rect" href="$einfoprogramainterface_8h.html" title="../../src/einfoprogramainterface.h" alt="" coords="951,155,1161,181">
<area shape="rect" href="$einformeinterface_8h.html" title="einformeinterface.h" alt="" coords="607,155,740,181">
<area shape="rect" href="$formprefhijo_8h.html" title="formprefhijo.h" alt="" coords="2091,155,2192,181">
<area shape="rect" href="$eventana_8h.html" title="eventana.h" alt="" coords="1816,229,1904,256">
<area shape="rect" href="$plugins_2aCarCorr_2evlista_8h.html" title="evlista.h" alt="" coords="1452,155,1521,181">
<area shape="rect" href="$formmovimiento_8h.html" title="formmovimiento.h" alt="" coords="1656,155,1781,181">
<area shape="rect" href="$TipoMovs_8h.html" title="TipoMovs.h" alt="" coords="1496,229,1589,256">
<area shape="rect" href="$emovimiento_8h.html" title="emovimiento.h" alt="" coords="1281,155,1388,181">
