<area shape="rect" href="$classgestotux.html#cf15c2878206493f76f70b0c2a07e5d4" title="gestotux::bandeja_sistema" alt="" coords="281,247,463,273">
<area shape="rect" href="$classgestotux.html#541eaa9e4ea124c06bc4b4e6dcb552ff" title="gestotux::inicializar" alt="" coords="583,120,719,147">
<area shape="rect" href="$main_8cpp.html#0ddf1224851353fc92bfbff6f499fa97" title="main" alt="" coords="787,69,837,96">
<area shape="rect" href="$classFromPrefResumenes.html#3b9a277ca8724fa932080e948f907476" title="FromPrefResumenes::cargar" alt="" coords="276,196,468,223">
<area shape="rect" href="$classgestotux.html#c40c8e99d0c2491e15e3ee9c2a7d040d" title="gestotux::cargarPlugins" alt="" coords="292,145,452,172">
<area shape="rect" href="$classFormAgregarVenta.html#442164b658528845388e3a02d231b725" title="FormAgregarVenta::closeEvent" alt="" coords="268,297,476,324">
<area shape="rect" href="$classMProveedor.html#7629bb5ce07a7ee1e8813a15b3131f3a" title="MProveedor::data" alt="" coords="308,348,436,375">
<area shape="rect" href="$classMDueno.html#59801157fd0a7fb4ccbf2f4ed0179c25" title="MDueno::data" alt="" coords="320,399,424,425">
<area shape="rect" href="$classEInformeImpresora.html#75d372eb55a639352241ad60abab8459" title="EInformeImpresora::EInformeImpresora" alt="" coords="244,449,500,476">
<area shape="rect" href="$classEMysql.html#6bf1137da2b4c16c291d6f89edaf8ebe" title="EMysql::EMysql" alt="" coords="313,500,431,527">
<area shape="rect" href="$classFormAgregarServicio.html#17e91c826eb07df4a0b18e49f9e21eea" title="FormAgregarServicio::FormAgregarServicio" alt="" coords="229,551,515,577">
<area shape="rect" href="$classFormPreferencias.html#b4e8295828c722a55ac4293b3d37717d" title="FormPreferencias::FormPreferencias" alt="" coords="252,601,492,628">
<area shape="rect" href="$classEbackup.html#114be84146a49373fa0c96b969960be7" title="Ebackup::generar_config" alt="" coords="287,652,457,679">
<area shape="rect" href="$classEbackup.html#4ccd191ae74905fcbef94f5da4c13e2d" title="Ebackup::generarBackup" alt="" coords="564,677,737,704">
<area shape="rect" href="$classFromPrefResumenes.html#4c9c7e8c9a9c625da1aace7d5ec2e387" title="FromPrefResumenes::guardar" alt="" coords="272,753,472,780">
<area shape="rect" href="$classEInformeImpresora.html#d74a7f7f2c9e7db64cf57141334b346f" title="EInformeImpresora::guardar" alt="" coords="279,804,465,831">
<area shape="rect" href="$classEEnvioBackup.html#112be63982be717b1a63dfbc7831e7d2" title="EEnvioBackup::run" alt="" coords="305,855,439,881">
<area shape="rect" href="$classFormPreferencias.html#96ab0af6fcc4d3debb35188aa3c28ba4" title="FormPreferencias::~FormPreferencias" alt="" coords="247,905,497,932">
