<area shape="rect" href="$admincarcorr_8h.html" title="Programas/gestotux/plugins/aCarCorr/admincarcorr.h" alt="" coords="612,80,956,107">
<area shape="rect" href="$digifauno_8h.html" title="Programas/gestotux/plugins/digifauno/digifauno.h" alt="" coords="1579,80,1896,107">
<area shape="rect" href="$hicomp_8h.html" title="Programas/gestotux/plugins/HiComp/hicomp.h" alt="" coords="3776,80,4077,107">
<area shape="rect" href="$oscar_8h.html" title="Programas/gestotux/plugins/OscarSorazi/oscar.h" alt="" coords="4827,80,5147,107">
<area shape="rect" href="$presupuestador_8h.html" title="Programas/gestotux/plugins/presupuestador/presupuestador.h" alt="" coords="5171,80,5568,107">
<area shape="rect" href="$eenviobackup_8cpp.html" title="Programas/gestotux/src/eenviobackup.cpp" alt="" coords="5592,80,5872,107">
<area shape="rect" href="$formacercade_8cpp.html" title="Programas/gestotux/src/formacercade.cpp" alt="" coords="5896,80,6176,107">
<area shape="rect" href="$formpreferencias_8cpp.html" title="Programas/gestotux/src/formpreferencias.cpp" alt="" coords="6200,80,6496,107">
<area shape="rect" href="$gestotux_8cpp.html" title="Programas/gestotux/src/gestotux.cpp" alt="" coords="6520,80,6765,107">
<area shape="rect" href="$admincarcorr_8cpp.html" title="Programas/gestotux/plugins/aCarCorr/admincarcorr.cpp" alt="" coords="5,155,365,181">
<area shape="rect" href="$digifauno_8cpp.html" title="Programas/gestotux/plugins/digifauno/digifauno.cpp" alt="" coords="389,155,723,181">
<area shape="rect" href="$formlistacompras_8cpp.html" title="Programas/gestotux/plugins/digifauno/formlistacompras.cpp" alt="" coords="747,155,1128,181">
<area shape="rect" href="$formlistapeluqueria_8cpp.html" title="Programas/gestotux/plugins/digifauno/formlistapeluqueria.cpp" alt="" coords="1152,155,1544,181">
<area shape="rect" href="$vcompras_8cpp.html" title="Programas/gestotux/plugins/digifauno/vcompras.cpp" alt="" coords="1568,155,1907,181">
<area shape="rect" href="$vgastos_8cpp.html" title="Programas/gestotux/plugins/digifauno/vgastos.cpp" alt="" coords="1931,155,2259,181">
<area shape="rect" href="$digifauno_2vproductos_8cpp.html" title="Programas/gestotux/plugins/digifauno/vproductos.cpp" alt="" coords="2283,155,2629,181">
<area shape="rect" href="$formagregarrecibo_8cpp.html" title="Programas/gestotux/plugins/HiComp/formagregarrecibo.cpp" alt="" coords="2653,155,3037,181">
<area shape="rect" href="$fprefrecibos_8cpp.html" title="Programas/gestotux/plugins/HiComp/fprefrecibos.cpp" alt="" coords="3061,155,3405,181">
<area shape="rect" href="$hicomp_8cpp.html" title="Programas/gestotux/plugins/HiComp/hicomp.cpp" alt="" coords="3429,155,3747,181">
<area shape="rect" href="$recibo_8cpp.html" title="Programas/gestotux/plugins/HiComp/recibo.cpp" alt="" coords="3771,155,4083,181">
<area shape="rect" href="$visorrecibo_8cpp.html" title="Programas/gestotux/plugins/HiComp/visorrecibo.cpp" alt="" coords="4107,155,4445,181">
<area shape="rect" href="$vrecibos_8cpp.html" title="Programas/gestotux/plugins/HiComp/vrecibos.cpp" alt="" coords="4469,155,4795,181">
<area shape="rect" href="$oscar_8cpp.html" title="Programas/gestotux/plugins/OscarSorazi/oscar.cpp" alt="" coords="4819,155,5155,181">
<area shape="rect" href="$formnuevopresupuesto_8cpp.html" title="Programas/gestotux/plugins/presupuestador/formnuevopresupuesto.cpp" alt="" coords="5179,155,5635,181">
<area shape="rect" href="$formpresupuestosanteriores_8cpp.html" title="Programas/gestotux/plugins/presupuestador/formpresupuestosanteriores.cpp" alt="" coords="5659,155,6147,181">
<area shape="rect" href="$presupuestador_8cpp.html" title="Programas/gestotux/plugins/presupuestador/presupuestador.cpp" alt="" coords="6171,155,6584,181">
