<area shape="rect" href="$admincarcorr_8h.html" title="Programas/gestotux/plugins/aCarCorr/admincarcorr.h" alt="" coords="321,80,665,107">
<area shape="rect" href="$listadocaravanas_8h.html" title="Programas/gestotux/plugins/aCarCorr/plugins/ListadoCaravanas/listadocaravanas.h" alt="" coords="996,80,1527,107">
<area shape="rect" href="$digifauno_8h.html" title="Programas/gestotux/plugins/digifauno/digifauno.h" alt="" coords="2149,80,2467,107">
<area shape="rect" href="$hicomp_8h.html" title="Programas/gestotux/plugins/HiComp/hicomp.h" alt="" coords="4347,80,4648,107">
<area shape="rect" href="$oscar_8h.html" title="Programas/gestotux/plugins/OscarSorazi/oscar.h" alt="" coords="5664,80,5984,107">
<area shape="rect" href="$presupuestador_8h.html" title="Programas/gestotux/plugins/presupuestador/presupuestador.h" alt="" coords="6275,80,6672,107">
<area shape="rect" href="$prespuesto_8h.html" title="Programas/gestotux/plugins/presupuesto/prespuesto.h" alt="" coords="6696,80,7048,107">
<area shape="rect" href="$presupuesto_8cpp.html" title="Programas/gestotux/plugins/presupuesto/presupuesto.cpp" alt="" coords="7571,155,7944,181">
<area shape="rect" href="$productos_8h.html" title="Programas/gestotux/plugins/productos/productos.h" alt="" coords="7123,80,7451,107">
<area shape="rect" href="$botoneslaterales_8cpp.html" title="Programas/gestotux/src/botoneslaterales.cpp" alt="" coords="7475,80,7771,107">
<area shape="rect" href="$formactualizacion_8cpp.html" title="Programas/gestotux/src/formactualizacion.cpp" alt="" coords="7795,80,8096,107">
<area shape="rect" href="$formpreferencias_8cpp.html" title="Programas/gestotux/src/formpreferencias.cpp" alt="" coords="8120,80,8416,107">
<area shape="rect" href="$gestotux_8cpp.html" title="Programas/gestotux/src/gestotux.cpp" alt="" coords="8440,80,8685,107">
<area shape="rect" href="$admincarcorr_8cpp.html" title="Programas/gestotux/plugins/aCarCorr/admincarcorr.cpp" alt="" coords="5,155,365,181">
<area shape="rect" href="$listadocaravanas_8cpp.html" title="Programas/gestotux/plugins/aCarCorr/plugins/ListadoCaravanas/listadocaravanas.cpp" alt="" coords="389,155,936,181">
<area shape="rect" href="$digifauno_8cpp.html" title="Programas/gestotux/plugins/digifauno/digifauno.cpp" alt="" coords="960,155,1293,181">
<area shape="rect" href="$formlistacompras_8cpp.html" title="Programas/gestotux/plugins/digifauno/formlistacompras.cpp" alt="" coords="1317,155,1699,181">
<area shape="rect" href="$formlistapeluqueria_8cpp.html" title="Programas/gestotux/plugins/digifauno/formlistapeluqueria.cpp" alt="" coords="1723,155,2115,181">
<area shape="rect" href="$vcompras_8cpp.html" title="Programas/gestotux/plugins/digifauno/vcompras.cpp" alt="" coords="2139,155,2477,181">
<area shape="rect" href="$vgastos_8cpp.html" title="Programas/gestotux/plugins/digifauno/vgastos.cpp" alt="" coords="2501,155,2829,181">
<area shape="rect" href="$digifauno_2vproductos_8cpp.html" title="Programas/gestotux/plugins/digifauno/vproductos.cpp" alt="" coords="2853,155,3200,181">
<area shape="rect" href="$formagregarrecibo_8cpp.html" title="Programas/gestotux/plugins/HiComp/formagregarrecibo.cpp" alt="" coords="3224,155,3608,181">
<area shape="rect" href="$fprefrecibos_8cpp.html" title="Programas/gestotux/plugins/HiComp/fprefrecibos.cpp" alt="" coords="3632,155,3976,181">
<area shape="rect" href="$hicomp_8cpp.html" title="Programas/gestotux/plugins/HiComp/hicomp.cpp" alt="" coords="4000,155,4317,181">
<area shape="rect" href="$recibo_8cpp.html" title="Programas/gestotux/plugins/HiComp/recibo.cpp" alt="" coords="4341,155,4653,181">
<area shape="rect" href="$visorrecibo_8cpp.html" title="Programas/gestotux/plugins/HiComp/visorrecibo.cpp" alt="" coords="4677,155,5016,181">
<area shape="rect" href="$vrecibos_8cpp.html" title="Programas/gestotux/plugins/HiComp/vrecibos.cpp" alt="" coords="5040,155,5365,181">
<area shape="rect" href="$oscar_8cpp.html" title="Programas/gestotux/plugins/OscarSorazi/oscar.cpp" alt="" coords="5389,155,5725,181">
<area shape="rect" href="$formnuevopresupuesto_8cpp.html" title="Programas/gestotux/plugins/presupuestador/formnuevopresupuesto.cpp" alt="" coords="5749,155,6205,181">
<area shape="rect" href="$formpresupuestosanteriores_8cpp.html" title="Programas/gestotux/plugins/presupuestador/formpresupuestosanteriores.cpp" alt="" coords="6229,155,6717,181">
<area shape="rect" href="$presupuestador_8cpp.html" title="Programas/gestotux/plugins/presupuestador/presupuestador.cpp" alt="" coords="6741,155,7155,181">
<area shape="rect" href="$prespuesto_8cpp.html" title="Programas/gestotux/plugins/presupuesto/prespuesto.cpp" alt="" coords="7179,155,7547,181">
<area shape="rect" href="$productos_8cpp.html" title="Programas/gestotux/plugins/productos/productos.cpp" alt="" coords="7968,155,8312,181">
<area shape="rect" href="$productos_2vproductos_8cpp.html" title="Programas/gestotux/plugins/productos/vproductos.cpp" alt="" coords="8336,155,8688,181">
