<area shape="rect" href="$botoneslaterales_8cpp.html" title="Programas/gestotux/src/botoneslaterales.cpp" alt="" coords="5,80,301,107">
<area shape="rect" href="$eenviobackup_8cpp.html" title="Programas/gestotux/src/eenviobackup.cpp" alt="" coords="325,80,605,107">
<area shape="rect" href="$formacercade_8cpp.html" title="Programas/gestotux/src/formacercade.cpp" alt="" coords="629,80,909,107">
<area shape="rect" href="$formactualizacion_8cpp.html" title="Programas/gestotux/src/formactualizacion.cpp" alt="" coords="933,80,1235,107">
<area shape="rect" href="$formpreferencias_8cpp.html" title="Programas/gestotux/src/formpreferencias.cpp" alt="" coords="1259,80,1555,107">
<area shape="rect" href="$formulariocentral_8cpp.html" title="Programas/gestotux/src/formulariocentral.cpp" alt="" coords="1579,80,1872,107">
<area shape="rect" href="$gestotux_8cpp.html" title="Programas/gestotux/src/gestotux.cpp" alt="" coords="1896,80,2141,107">
<area shape="rect" href="$main_8cpp.html" title="Programas/gestotux/src/main.cpp" alt="" coords="2165,80,2389,107">
<area shape="rect" href="$vcliente_8cpp.html" title="Programas/gestotux/src/vcliente.cpp" alt="" coords="2413,80,2653,107">
