<area shape="rect" href="$oscar_8h.html" title="oscar.h" alt="" coords="608,80,672,107">
<area shape="rect" href="$einformeinterface_8h.html" title="../aCarCorr/einformeinterface.h" alt="" coords="2109,80,2312,107">
<area shape="rect" href="$aCarCorr_2vcategorias_8h.html" title="../aCarCorr/vcategorias.h" alt="" coords="696,80,867,107">
<area shape="rect" href="$vestablecimiento_8h.html" title="../aCarCorr/vestablecimiento.h" alt="" coords="891,80,1093,107">
<area shape="rect" href="$formagregar_8h.html" title="../aCarCorr/formagregar.h" alt="" coords="1117,80,1293,107">
<area shape="rect" href="$formmudanza_8h.html" title="../aCarCorr/formmudanza.h" alt="" coords="1901,80,2085,107">
<area shape="rect" href="$formventa_8h.html" title="../aCarCorr/formventa.h" alt="" coords="1717,80,1877,107">
<area shape="rect" href="$OscarSorazi_2vduenos_8h.html" title="vduenos.h" alt="" coords="2520,80,2603,107">
<area shape="rect" href="$formstock_8h.html" title="../aCarCorr/formstock.h" alt="" coords="1533,80,1693,107">
<area shape="rect" href="$formmodificartri_8h.html" title="../aCarCorr/formmodificartri.h" alt="" coords="1317,80,1509,107">
<area shape="rect" href="$eplugin_8h.html" title="../../src/eplugin.h" alt="" coords="361,155,479,181">
<area shape="rect" href="$einfoprogramainterface_8h.html" title="../../src/einfoprogramainterface.h" alt="" coords="689,155,900,181">
<area shape="rect" href="$plugins_2aCarCorr_2evlista_8h.html" title="evlista.h" alt="" coords="1025,155,1095,181">
<area shape="rect" href="$eventana_8h.html" title="eventana.h" alt="" coords="1069,229,1157,256">
<area shape="rect" href="$formmovimiento_8h.html" title="formmovimiento.h" alt="" coords="1525,155,1651,181">
<area shape="rect" href="$TipoMovs_8h.html" title="TipoMovs.h" alt="" coords="1517,229,1611,256">
<area shape="rect" href="$emovimiento_8h.html" title="emovimiento.h" alt="" coords="1312,155,1419,181">
