<area shape="rect" href="$einformeimpresora_8cpp.html" title="Programas/gestotux/plugins/aCarCorr/einformeimpresora.cpp" alt="" coords="5,80,397,107">
<area shape="rect" href="$digifauno_8cpp.html" title="Programas/gestotux/plugins/digifauno/digifauno.cpp" alt="" coords="421,80,755,107">
<area shape="rect" href="$eresumen_8cpp.html" title="Programas/gestotux/plugins/digifauno/eresumen.cpp" alt="" coords="779,80,1117,107">
<area shape="rect" href="$formagregarservicio_8cpp.html" title="Programas/gestotux/plugins/digifauno/formagregarservicio.cpp" alt="" coords="1141,80,1541,107">
<area shape="rect" href="$formagregarventa_8cpp.html" title="Programas/gestotux/plugins/digifauno/formagregarventa.cpp" alt="" coords="1565,80,1952,107">
<area shape="rect" href="$formprefopciones_8cpp.html" title="Programas/gestotux/plugins/digifauno/formprefopciones.cpp" alt="" coords="1976,80,2360,107">
<area shape="rect" href="$fromprefresumenes_8cpp.html" title="Programas/gestotux/plugins/digifauno/fromprefresumenes.cpp" alt="" coords="2384,80,2779,107">
<area shape="rect" href="$mdueno_8cpp.html" title="Programas/gestotux/plugins/digifauno/mdueno.cpp" alt="" coords="2803,80,3131,107">
<area shape="rect" href="$digifauno_2mproductos_8cpp.html" title="Programas/gestotux/plugins/digifauno/mproductos.cpp" alt="" coords="3155,80,3504,107">
<area shape="rect" href="$mproveedor_8cpp.html" title="Programas/gestotux/plugins/digifauno/mproveedor.cpp" alt="" coords="3528,80,3880,107">
<area shape="rect" href="$fprefrecibos_8cpp.html" title="Programas/gestotux/plugins/HiComp/fprefrecibos.cpp" alt="" coords="3904,80,4248,107">
<area shape="rect" href="$ebackup_8cpp.html" title="Programas/gestotux/src/ebackup.cpp" alt="" coords="4272,80,4520,107">
<area shape="rect" href="$eenviobackup_8cpp.html" title="Programas/gestotux/src/eenviobackup.cpp" alt="" coords="4544,80,4824,107">
<area shape="rect" href="$emysql_8cpp.html" title="Programas/gestotux/src/emysql.cpp" alt="" coords="4848,80,5088,107">
<area shape="rect" href="$everificabackup_8cpp.html" title="Programas/gestotux/src/everificabackup.cpp" alt="" coords="5112,80,5403,107">
<area shape="rect" href="$formactualizacion_8cpp.html" title="Programas/gestotux/src/formactualizacion.cpp" alt="" coords="5427,80,5728,107">
<area shape="rect" href="$formprefdb_8cpp.html" title="Programas/gestotux/src/formprefdb.cpp" alt="" coords="5752,80,6011,107">
<area shape="rect" href="$formpreferencias_8cpp.html" title="Programas/gestotux/src/formpreferencias.cpp" alt="" coords="6035,80,6331,107">
<area shape="rect" href="$fprefgeneral_8cpp.html" title="Programas/gestotux/src/fprefgeneral.cpp" alt="" coords="6355,80,6621,107">
<area shape="rect" href="$gestotux_8cpp.html" title="Programas/gestotux/src/gestotux.cpp" alt="" coords="6645,80,6891,107">
<area shape="rect" href="$main_8cpp.html" title="Programas/gestotux/src/main.cpp" alt="" coords="6915,80,7139,107">
<area shape="rect" href="$utiles_2evlista_8cpp.html" title="Programas/gestotux/utiles/evlista.cpp" alt="" coords="7163,80,7411,107">
<area shape="rect" href="$preferencias_8cpp.html" title="Programas/gestotux/utiles/preferencias.cpp" alt="" coords="7435,80,7717,107">
